exports[`Index page > should match index page snapshot #0`] = `
<div id="__next">
  <div class="pages__Page-sc-9mrxf5-0 bOFcJn">
    <div
      width="1"
      class="sc-bdVaJa sc-bwzfXH NavBar__StyledNav-sc-5bxc2y-1 fZUlgM"
    >
      <a href="/"
        ><img
          height="7vh"
          width="100%"
          src="../../static/logo.svg"
          class="sc-bdVaJa sc-bZQynM ilartJ"
      /></a>
      <div class="NavBar__LinksGroup-sc-5bxc2y-0 blbCBZ">
        <a href="/login">Sign In</a><a href="/register">Sign Up</a>
      </div>
    </div>
    <h1>Komfy</h1>
    <h2>Project Status ⚡</h2>
    <div class="pages__Links-sc-9mrxf5-2 dtzgxc">
      <a href="https://github.com/komfy">GitHub 🐙</a
      ><a href="https://twitter.com/KomfySocial">Twitter 🐦</a
      ><a href="https://codecov.io/gh/komfy/frontend">CodeCov 📊</a
      ><a href="https://travis-ci.org/komfy/frontend">Travis CI ⛓</a
      ><a href="https://t.me/komfy">Telegram 📰</a>
    </div>
    <p class="pages__Status-sc-9mrxf5-1 gQrehL">
      Soon there will be new stuff. You'll be able to create an account and
      publish images and text. Pre-alpha is close.
    </p>
    <p>
      I'll answer all questions here:&nbsp;<a href="https://t.me/talentless_guy"
        >@talentless_guy</a
      >
    </p>
    <div>{"hello":"world"}</div>
  </div>
</div>
`;
